PACKAGE_SHA256=b9c18d0d729a6ed83ce934c5f96e1c3dbed4dbd8d52a6378501cbe728c5aa723
+ php -r require '/tmp/k098verify-2j20c9a_/lib.php';$x=kicomSelfUpdateZipInspect('/tmp/KiCom-0.9.9-Low-Roundtrip.zip');if(empty($x["ok"])){echo "INSPECT=".($x["code"]??"?")."\n";exit(31);}$r=kicomSelfUpdateRiskClass($x);echo "RISK=".($r["class"]??"?")."\n";echo "VERSION=".($x["version"]??"?")."\n";if(($x["version"]??"")!=="0.9.9"||($x["genome"]["id"]??"")!=="kicom-0.9.9-g10")exit(32);
RISK=red
VERSION=0.9.9
+ php -l /tmp/kicom099-uypvst0m/admin.php
No syntax errors detected in /tmp/kicom099-uypvst0m/admin.php
+ php -l /tmp/kicom099-uypvst0m/api.php
No syntax errors detected in /tmp/kicom099-uypvst0m/api.php
+ php -l /tmp/kicom099-uypvst0m/guardian.php
No syntax errors detected in /tmp/kicom099-uypvst0m/guardian.php
+ php -l /tmp/kicom099-uypvst0m/index.php
No syntax errors detected in /tmp/kicom099-uypvst0m/index.php
+ php -l /tmp/kicom099-uypvst0m/lib.php
No syntax errors detected in /tmp/kicom099-uypvst0m/lib.php
+ php -l /tmp/kicom099-uypvst0m/living.php
No syntax errors detected in /tmp/kicom099-uypvst0m/living.php
+ php -l /tmp/kicom099-uypvst0m/recovery.php
No syntax errors detected in /tmp/kicom099-uypvst0m/recovery.php
+ php /tmp/test099.php
LOW_ROUNDTRIP_OK
